============================= test session starts =============================
platform win32 -- Python 3.14.2, pytest-9.0.2, pluggy-1.6.0 -- C:\Users\micha\AppData\Local\Programs\Python\Python314\python.exe
cachedir: .pytest_cache
rootdir: C:\repos\pebservice
plugins: anyio-4.12.1, langsmith-0.6.4, base-url-2.1.0, playwright-0.7.2, timeout-2.4.0
timeout: 60.0s
timeout method: thread
timeout func_only: False
collecting ... collected 5 items

tests/local/test_start_scenario.py::TestStartScenarioLocal::test_successful_scenario_start ERROR [ 20%]

=================================== ERRORS ====================================
___ ERROR at setup of TestStartScenarioLocal.test_successful_scenario_start ___

self = <firebase_admin._user_mgt.UserManager object at 0x00000227885C6660>
method = 'post', path = '/accounts:lookup'
kwargs = {'json': {'email': ['michaeltreynolds.test@gmail.com']}}
url = 'https://identitytoolkit.googleapis.com/v1/projects/pathway-email-bot-6543/accounts:lookup'

    def _make_request(self, method, path, **kwargs):
        url = '{0}{1}'.format(self.base_url, path)
        try:
>           return self.http_client.body_and_response(method, url, **kwargs)
                   ^^^^^^^^^^^^^^^^^^^^^^^^^^^^^^^^^^^^^^^^^^^^^^^^^^^^^^^^^

C:\Users\micha\AppData\Local\Programs\Python\Python314\Lib\site-packages\firebase_admin\_user_mgt.py:842: 
_ _ _ _ _ _ _ _ _ _ _ _ _ _ _ _ _ _ _ _ _ _ _ _ _ _ _ _ _ _ _ _ _ _ _ _ _ _ _ _

self = <firebase_admin._http_client.JsonHttpClient object at 0x00000227885C5940>
method = 'post'
url = 'https://identitytoolkit.googleapis.com/v1/projects/pathway-email-bot-6543/accounts:lookup'
kwargs = {'json': {'email': ['michaeltreynolds.test@gmail.com']}}

    def body_and_response(self, method, url, **kwargs):
>       resp = self.request(method, url, **kwargs)
               ^^^^^^^^^^^^^^^^^^^^^^^^^^^^^^^^^^^

C:\Users\micha\AppData\Local\Programs\Python\Python314\Lib\site-packages\firebase_admin\_http_client.py:144: 
_ _ _ _ _ _ _ _ _ _ _ _ _ _ _ _ _ _ _ _ _ _ _ _ _ _ _ _ _ _ _ _ _ _ _ _ _ _ _ _

self = <firebase_admin._http_client.JsonHttpClient object at 0x00000227885C5940>
method = 'post'
url = 'https://identitytoolkit.googleapis.com/v1/projects/pathway-email-bot-6543/accounts:lookup'
kwargs = {'headers': {'x-goog-api-client': 'gl-python/3.14.2 fire-admin/6.9.0'}, 'json': {'email': ['michaeltreynolds.test@gmail.com']}, 'timeout': 120}
resp = <Response [400]>

    def request(self, method, url, **kwargs):
        """Makes an HTTP call using the Python requests library.
    
        This is the sole entry point to the requests library. All other helper methods in this
        class call this method to send HTTP requests out. Refer to
        http://docs.python-requests.org/en/master/api/ for more information on supported options
        and features.
    
        Args:
          method: HTTP method name as a string (e.g. get, post).
          url: URL of the remote endpoint.
          **kwargs: An additional set of keyword arguments to be passed into the requests API
              (e.g. json, params, timeout).
    
        Returns:
          Response: An HTTP response object.
    
        Raises:
          RequestException: Any requests exceptions encountered while making the HTTP call.
        """
        if 'timeout' not in kwargs:
            kwargs['timeout'] = self.timeout
        kwargs.setdefault('headers', {}).update(METRICS_HEADERS)
        resp = self._session.request(method, self.base_url + url, **kwargs)
>       resp.raise_for_status()

C:\Users\micha\AppData\Local\Programs\Python\Python314\Lib\site-packages\firebase_admin\_http_client.py:136: 
_ _ _ _ _ _ _ _ _ _ _ _ _ _ _ _ _ _ _ _ _ _ _ _ _ _ _ _ _ _ _ _ _ _ _ _ _ _ _ _

self = <Response [400]>

    def raise_for_status(self):
        """Raises :class:`HTTPError`, if one occurred."""
    
        http_error_msg = ""
        if isinstance(self.reason, bytes):
            # We attempt to decode utf-8 first because some servers
            # choose to localize their reason strings. If the string
            # isn't utf-8, we fall back to iso-8859-1 for all other
            # encodings. (See PR #3538)
            try:
                reason = self.reason.decode("utf-8")
            except UnicodeDecodeError:
                reason = self.reason.decode("iso-8859-1")
        else:
            reason = self.reason
    
        if 400 <= self.status_code < 500:
            http_error_msg = (
                f"{self.status_code} Client Error: {reason} for url: {self.url}"
            )
    
        elif 500 <= self.status_code < 600:
            http_error_msg = (
                f"{self.status_code} Server Error: {reason} for url: {self.url}"
            )
    
        if http_error_msg:
>           raise HTTPError(http_error_msg, response=self)
E           requests.exceptions.HTTPError: 400 Client Error: Bad Request for url: https://identitytoolkit.googleapis.com/v1/projects/pathway-email-bot-6543/accounts:lookup

C:\Users\micha\AppData\Local\Programs\Python\Python314\Lib\site-packages\requests\models.py:1026: HTTPError

During handling of the above exception, another exception occurred:

    @pytest.fixture(scope="module")
    def id_token():
        """Get a real Firebase ID token for the test user."""
        from tests.helpers.firebase_auth import get_test_id_token
>       return get_test_id_token(TEST_EMAIL)
               ^^^^^^^^^^^^^^^^^^^^^^^^^^^^^

tests\local\test_start_scenario.py:44: 
_ _ _ _ _ _ _ _ _ _ _ _ _ _ _ _ _ _ _ _ _ _ _ _ _ _ _ _ _ _ _ _ _ _ _ _ _ _ _ _

email = 'michaeltreynolds.test@gmail.com'

    def get_test_id_token(email: str) -> str:
        """
        Get a Firebase ID token for the given email.
    
        1. Ensures the user exists in Firebase Auth
        2. Creates a custom token via Admin SDK
        3. Exchanges it for an ID token via REST API
        """
        os.environ.setdefault("GOOGLE_CLOUD_PROJECT", PROJECT_ID)
        app = _ensure_app()
    
        # Get or create the test user
        try:
>           user = firebase_auth.get_user_by_email(email, app=app)
                   ^^^^^^^^^^^^^^^^^^^^^^^^^^^^^^^^^^^^^^^^^^^^^^^

tests\helpers\firebase_auth.py:61: 
_ _ _ _ _ _ _ _ _ _ _ _ _ _ _ _ _ _ _ _ _ _ _ _ _ _ _ _ _ _ _ _ _ _ _ _ _ _ _ _

email = 'michaeltreynolds.test@gmail.com'
app = <firebase_admin.App object at 0x00000227885C4EC0>

    def get_user_by_email(email, app=None):
        """Gets the user data corresponding to the specified user email.
    
        Args:
            email: A user email address string.
            app: An App instance (optional).
    
        Returns:
            UserRecord: A user record instance.
    
        Raises:
            ValueError: If the email is None, empty or malformed.
            UserNotFoundError: If no user exists by the specified email address.
            FirebaseError: If an error occurs while retrieving the user.
        """
        client = _get_client(app)
>       return client.get_user_by_email(email=email)
               ^^^^^^^^^^^^^^^^^^^^^^^^^^^^^^^^^^^^^

C:\Users\micha\AppData\Local\Programs\Python\Python314\Lib\site-packages\firebase_admin\auth.py:347: 
_ _ _ _ _ _ _ _ _ _ _ _ _ _ _ _ _ _ _ _ _ _ _ _ _ _ _ _ _ _ _ _ _ _ _ _ _ _ _ _

self = <firebase_admin._auth_client.Client object at 0x00000227885C57F0>
email = 'michaeltreynolds.test@gmail.com'

    def get_user_by_email(self, email):
        """Gets the user data corresponding to the specified user email.
    
        Args:
            email: A user email address string.
    
        Returns:
            UserRecord: A user record instance.
    
        Raises:
            ValueError: If the email is None, empty or malformed.
            UserNotFoundError: If no user exists for the specified email address.
            FirebaseError: If an error occurs while retrieving the user.
        """
>       response = self._user_manager.get_user(email=email)
                   ^^^^^^^^^^^^^^^^^^^^^^^^^^^^^^^^^^^^^^^^

C:\Users\micha\AppData\Local\Programs\Python\Python314\Lib\site-packages\firebase_admin\_auth_client.py:193: 
_ _ _ _ _ _ _ _ _ _ _ _ _ _ _ _ _ _ _ _ _ _ _ _ _ _ _ _ _ _ _ _ _ _ _ _ _ _ _ _

self = <firebase_admin._user_mgt.UserManager object at 0x00000227885C6660>
kwargs = {}, key = 'michaeltreynolds.test@gmail.com', key_type = 'email'
payload = {'email': ['michaeltreynolds.test@gmail.com']}

    def get_user(self, **kwargs):
        """Gets the user data corresponding to the provided key."""
        if 'uid' in kwargs:
            key, key_type = kwargs.pop('uid'), 'user ID'
            payload = {'localId' : [_auth_utils.validate_uid(key, required=True)]}
        elif 'email' in kwargs:
            key, key_type = kwargs.pop('email'), 'email'
            payload = {'email' : [_auth_utils.validate_email(key, required=True)]}
        elif 'phone_number' in kwargs:
            key, key_type = kwargs.pop('phone_number'), 'phone number'
            payload = {'phoneNumber' : [_auth_utils.validate_phone(key, required=True)]}
        else:
            raise TypeError('Unsupported keyword arguments: {0}.'.format(kwargs))
    
>       body, http_resp = self._make_request('post', '/accounts:lookup', json=payload)
                          ^^^^^^^^^^^^^^^^^^^^^^^^^^^^^^^^^^^^^^^^^^^^^^^^^^^^^^^^^^^^

C:\Users\micha\AppData\Local\Programs\Python\Python314\Lib\site-packages\firebase_admin\_user_mgt.py:597: 
_ _ _ _ _ _ _ _ _ _ _ _ _ _ _ _ _ _ _ _ _ _ _ _ _ _ _ _ _ _ _ _ _ _ _ _ _ _ _ _

self = <firebase_admin._user_mgt.UserManager object at 0x00000227885C6660>
method = 'post', path = '/accounts:lookup'
kwargs = {'json': {'email': ['michaeltreynolds.test@gmail.com']}}
url = 'https://identitytoolkit.googleapis.com/v1/projects/pathway-email-bot-6543/accounts:lookup'

    def _make_request(self, method, path, **kwargs):
        url = '{0}{1}'.format(self.base_url, path)
        try:
            return self.http_client.body_and_response(method, url, **kwargs)
        except requests.exceptions.RequestException as error:
>           raise _auth_utils.handle_auth_backend_error(error)
E           firebase_admin._auth_utils.InsufficientPermissionError: The credential used to initialize the SDK has insufficient permissions to perform the requested operation. See https://firebase.google.com/docs/admin/setup for details on how to initialize the Admin SDK with appropriate permissions (INSUFFICIENT_PERMISSION).

C:\Users\micha\AppData\Local\Programs\Python\Python314\Lib\site-packages\firebase_admin\_user_mgt.py:844: InsufficientPermissionError
=========================== short test summary info ===========================
ERROR tests/local/test_start_scenario.py::TestStartScenarioLocal::test_successful_scenario_start
!!!!!!!!!!!!!!!!!!!!!!!!!! stopping after 1 failures !!!!!!!!!!!!!!!!!!!!!!!!!!
============================== 1 error in 1.00s ===============================
